Microchip MPLAB XC8 Compiler V2.10 ()

Linker command line:

-W-3 --edf=C:\Program Files (x86)\Microchip\xc8\v2.10\pic\dat\en_msgs.txt \
  -cs -h+dist/default/production\TEMP_SLAVE.X.production.sym \
  --cmf=dist/default/production\TEMP_SLAVE.X.production.cmf -z -Q16F887 \
  -oC:\Users\juan\AppData\Local\Temp\sam8.2 --defsym=__MPLAB_BUILD=1 \
  -Mdist/default/production/TEMP_SLAVE.X.production.map -E1 -ver=XC8 \
  --acfsm=1493 -ASTACK=0110h-016Fh -pstack=STACK -ACODE=00h-07FFhx4 \
  -ASTRCODE=00h-01FFFh -ASTRING=00h-0FFhx32 -ACONST=00h-0FFhx32 \
  -AENTRY=00h-0FFhx32 -ACOMMON=070h-07Fh -ABANK0=020h-06Fh \
  -ABANK1=0A0h-0EFh -ABANK2=0110h-016Fh -ABANK3=0190h-01EFh \
  -ARAM=020h-06Fh,0A0h-0EFh,0110h-016Fh,0190h-01EFh \
  -AABS1=020h-07Fh,0A0h-0EFh,0110h-016Fh,0190h-01EFh -ASFR0=00h-01Fh \
  -ASFR1=080h-09Fh -ASFR2=0100h-010Fh -ASFR3=0180h-018Fh \
  -preset_vec=00h,intentry=04h,init,end_init -ppowerup=CODE -pcinit=CODE \
  -pfunctab=ENTRY -ACONFIG=02007h-02008h -pconfig=CONFIG -DCONFIG=2 \
  -AIDLOC=02000h-02003h -pidloc=IDLOC -DIDLOC=2 -AEEDATA=00h-0FFh/02100h \
  -peeprom_data=EEDATA -DEEDATA=2 -DCODE=2 -DSTRCODE=2 -DSTRING=2 -DCONST=2 \
  -DENTRY=2 -k C:\Users\juan\AppData\Local\Temp\sam8.o \
  dist/default/production\TEMP_SLAVE.X.production.o 

Object code version is 3.11

Machine type is 16F887



                Name                               Link     Load   Length Selector   Space Scale
C:\Users\juan\AppData\Local\Temp\sam8.o
                end_init                              C        C        3        8       0
                reset_vec                             0        0        3        0       0
                config                             2007     2007        2     400E       0
dist/default/production\TEMP_SLAVE.X.production.o
                cinit                                 F        F        E        8       0
                intentry                              4        4        8        8       0
                text12                              3B3      3B3       88        8       0
                text11                              5D3      5D3       20        8       0
                text10                              643      643        D        8       0
                text9                               629      629       1A        8       0
                text8                               5F3      5F3       1C        8       0
                text7                               60F      60F       1A        8       0
                text6                               4B7      4B7       69        8       0
                text5                                1D       1D      1DD        8       0
                text4                               43B      43B       7C        8       0
                text3                               2F7      2F7       BC        8       0
                text2                               57F      57F       54        8       0
                text1                               520      520       5F        8       0
                maintext                            1FA      1FA       FD        8       0
                cstackBANK0                          20       20       41       20       1
                cstackCOMMON                         70       70        8       70       1
                bssBANK0                             61       61        5       20       1
                bssCOMMON                            78       78        3       70       1

TOTAL           Name                               Link     Load   Length     Space
        CLASS   STACK          

        CLASS   CODE           
                end_init                              C        C        3         0
                cinit                                 F        F        E         0
                intentry                              4        4        8         0
                reset_vec                             0        0        3         0
                text12                              3B3      3B3       88         0
                text11                              5D3      5D3       20         0
                text10                              643      643        D         0
                text9                               629      629       1A         0
                text8                               5F3      5F3       1C         0
                text7                               60F      60F       1A         0
                text6                               4B7      4B7       69         0
                text5                                1D       1D      1DD         0
                text4                               43B      43B       7C         0
                text3                               2F7      2F7       BC         0
                text2                               57F      57F       54         0
                text1                               520      520       5F         0
                maintext                            1FA      1FA       FD         0

        CLASS   STRCODE        

        CLASS   STRING         

        CLASS   CONST          

        CLASS   ENTRY          

        CLASS   COMMON         
                cstackCOMMON                         70       70        8         1
                bssCOMMON                            78       78        3         1

        CLASS   BANK0          
                cstackBANK0                          20       20       41         1
                bssBANK0                             61       61        5         1

        CLASS   BANK1          

        CLASS   BANK2          

        CLASS   BANK3          

        CLASS   RAM            

        CLASS   ABS1           
                abs_s1                               7E       7E        2         1

        CLASS   SFR0           

        CLASS   SFR1           

        CLASS   SFR2           

        CLASS   SFR3           

        CLASS   CONFIG         
                config                             2007     2007        2         0

        CLASS   IDLOC          

        CLASS   EEDATA         



SEGMENTS        Name                           Load    Length   Top    Selector   Space  Class     Delta

                reset_vec                      000000  000003  000003         0       0  CODE        2
                intentry                       000004  00064C  000650         8       0  CODE        2
                cstackBANK0                    000020  000046  000066        20       1  BANK0       1
                cstackCOMMON                   000070  00000B  00007B        70       1  COMMON      1
                config                         002007  000002  002009      400E       0  CONFIG      2


UNUSED ADDRESS RANGES

        Name                Unused          Largest block    Delta
        BANK0            0066-006F              A           1
        BANK1            00A0-00EF             50           1
        BANK2            0110-016F             60           1
        BANK3            0190-01EF             60           1
        CODE             0003-0003              1           2
                         0650-1FFF            800
        COMMON           007B-007D              3           1
        CONST            0003-0003              1           2
                         0650-1FFF            100
        EEDATA           2100-21FF            100           2
        ENTRY            0003-0003              1           2
                         0650-1FFF            100
        IDLOC            2000-2003              4           2
        RAM              0066-006F              A           1
                         00A0-00EF             50
                         0110-016F             60
                         0190-01EF             60
        SFR0             0000-001F             20           1
        SFR1             0080-009F             20           1
        SFR2             0100-010F             10           1
        SFR3             0180-018F             10           1
        STACK            0110-016F             60           1
        STRCODE          0003-0003              1           2
                         0650-1FFF           19B0
        STRING           0003-0003              1           2
                         0650-1FFF            100

                                  Symbol Table

?___awdiv                 cstackBANK0  0053
?___fldiv                 cstackBANK0  002A
?___fltol                 cstackBANK0  0044
?___xxtofl                cstackCOMMON 0073
?_calc_dist               cstackBANK0  004F
I2C_Slave_Init@address    cstackCOMMON 0073
_ADC1                     text11       05D3
_ADCON0bits               (abs)        001F
_ADCON1bits               (abs)        009F
_ADCSETUP                 text10       0643
_ADRESH                   (abs)        001E
_ANSEL                    (abs)        0188
_ANSELH                   (abs)        0189
_BF                       (abs)        04A0
_CCP1CONbits              (abs)        0017
_CCPR1L                   (abs)        0015
_GIE                      (abs)        005F
_I2C_Slave_Init           text9        0629
_OSCCONbits               (abs)        008F
_PEIE                     (abs)        005E
_PIR1bits                 (abs)        000C
_PORTA                    (abs)        0005
_PORTB                    (abs)        0006
_PORTC                    (abs)        0007
_PORTD                    (abs)        0008
_PORTE                    (abs)        0009
_PR2                      (abs)        0092
_PWM_INIT                 text8        05F3
_RD0                      (abs)        0040
_RD1                      (abs)        0041
_S0                       bssCOMMON    0078
_S1                       bssBANK0     0062
_S2                       bssBANK0     0061
_SETUP                    text7        060F
_SSPADD                   (abs)        0093
_SSPBUF                   (abs)        0013
_SSPCON                   (abs)        0014
_SSPCON2                  (abs)        0091
_SSPCON2bits              (abs)        0091
_SSPCONbits               (abs)        0014
_SSPIE                    (abs)        0463
_SSPIF                    (abs)        0063
_SSPSTAT                  (abs)        0094
_SSPSTATbits              (abs)        0094
_T2CONbits                (abs)        0012
_TMR1                     (abs)        000E
_TMR1ON                   (abs)        0080
_TMR2IF                   (abs)        0061
_TRISA                    (abs)        0085
_TRISB                    (abs)        0086
_TRISC                    (abs)        0087
_TRISC2                   (abs)        043A
_TRISC3                   (abs)        043B
_TRISC4                   (abs)        043C
_TRISCbits                (abs)        0087
_TRISD                    (abs)        0088
_TRISE                    (abs)        0089
__CFG_BOR4V$BOR40V        (abs)        0000
__CFG_BOREN$OFF           (abs)        0000
__CFG_CP$OFF              (abs)        0000
__CFG_CPD$OFF             (abs)        0000
__CFG_FCMEN$OFF           (abs)        0000
__CFG_FOSC$INTRC_NOCLKOUT (abs)        0000
__CFG_IESO$OFF            (abs)        0000
__CFG_LVP$OFF             (abs)        0000
__CFG_MCLRE$OFF           (abs)        0000
__CFG_PWRTE$OFF           (abs)        0000
__CFG_WDTE$OFF            (abs)        0000
__CFG_WRT$OFF             (abs)        0000
__Habs1                   abs1         0000
__Hbank0                  bank0        0000
__Hbank1                  bank1        0000
__Hbank2                  bank2        0000
__Hbank3                  bank3        0000
__HbssBANK0               bssBANK0     0000
__HbssCOMMON              bssCOMMON    0000
__Hcinit                  cinit        001D
__Hclrtext                clrtext      0000
__Hcode                   code         0000
__Hcommon                 common       0000
__Hconfig                 config       2009
__HcstackBANK0            cstackBANK0  0000
__HcstackCOMMON           cstackCOMMON 0000
__Heeprom_data            eeprom_data  0000
__Hend_init               end_init     000F
__Hfunctab                functab      0000
__Hidloc                  idloc        0000
__Hinit                   init         000C
__Hintentry               intentry     000C
__Hmaintext               maintext     0000
__Hpowerup                powerup      0000
__Hram                    ram          0000
__Hreset_vec              reset_vec    0003
__Hsfr0                   sfr0         0000
__Hsfr1                   sfr1         0000
__Hsfr2                   sfr2         0000
__Hsfr3                   sfr3         0000
__Hspace_0                (abs)        2009
__Hspace_1                (abs)        007B
__Hspace_2                (abs)        0000
__Hspace_3                (abs)        0000
__Hstack                  stack        0000
__Hstrings                strings      0000
__Htext                   text         0000
__Labs1                   abs1         0000
__Lbank0                  bank0        0000
__Lbank1                  bank1        0000
__Lbank2                  bank2        0000
__Lbank3                  bank3        0000
__LbssBANK0               bssBANK0     0000
__LbssCOMMON              bssCOMMON    0000
__Lcinit                  cinit        000F
__Lclrtext                clrtext      0000
__Lcode                   code         0000
__Lcommon                 common       0000
__Lconfig                 config       2007
__LcstackBANK0            cstackBANK0  0000
__LcstackCOMMON           cstackCOMMON 0000
__Leeprom_data            eeprom_data  0000
__Lend_init               end_init     000C
__Lfunctab                functab      0000
__Lidloc                  idloc        0000
__Linit                   init         000C
__Lintentry               intentry     0004
__Lmaintext               maintext     0000
__Lpowerup                powerup      0000
__Lram                    ram          0000
__Lreset_vec              reset_vec    0000
__Lsfr0                   sfr0         0000
__Lsfr1                   sfr1         0000
__Lsfr2                   sfr2         0000
__Lsfr3                   sfr3         0000
__Lspace_0                (abs)        0000
__Lspace_1                (abs)        0000
__Lspace_2                (abs)        0000
__Lspace_3                (abs)        0000
__Lstack                  stack        0000
__Lstrings                strings      0000
__Ltext                   text         0000
__S0                      (abs)        2009
__S1                      (abs)        007B
__S2                      (abs)        0000
__S3                      (abs)        0000
___awdiv                  text6        04B7
___awdiv@counter          cstackBANK0  0058
___awdiv@dividend         cstackBANK0  0055
___awdiv@divisor          cstackBANK0  0053
___awdiv@quotient         cstackBANK0  005A
___awdiv@sign             cstackBANK0  0059
___fldiv                  text5        001D
___fldiv@a                cstackBANK0  002A
___fldiv@aexp             cstackBANK0  0043
___fldiv@b                cstackBANK0  002E
___fldiv@bexp             cstackBANK0  0042
___fldiv@grs              cstackBANK0  003E
___fldiv@new_exp          cstackBANK0  003C
___fldiv@rem              cstackBANK0  0037
___fldiv@sign             cstackBANK0  003B
___fltol                  text4        043B
___fltol@exp1             cstackBANK0  004E
___fltol@f1               cstackBANK0  0044
___fltol@sign1            cstackBANK0  004D
___int_sp                 stack        0000
___latbits                (abs)        0002
___sp                     stack        0000
___stackhi                (abs)        0000
___stacklo                (abs)        0000
___xxtofl                 text3        02F7
___xxtofl@arg             cstackBANK0  0026
___xxtofl@exp             cstackBANK0  0025
___xxtofl@sign            cstackBANK0  0024
___xxtofl@val             cstackCOMMON 0073
__end_of_ADC1             text11       05F3
__end_of_ADCSETUP         text10       0650
__end_of_I2C_Slave_Init   text9        0643
__end_of_PWM_INIT         text8        060F
__end_of_SETUP            text7        0629
__end_of___awdiv          text6        0520
__end_of___fldiv          text5        01FA
__end_of___fltol          text4        04B7
__end_of___xxtofl         text3        03B3
__end_of__initialization  cinit        0019
__end_of_calc_dist        text2        05D3
__end_of_initOsc          text1        057F
__end_of_isr              text12       043B
__end_of_main             maintext     02F7
__initialization          cinit        000F
__pbssBANK0               bssBANK0     0061
__pbssCOMMON              bssCOMMON    0078
__pcstackBANK0            cstackBANK0  0020
__pcstackCOMMON           cstackCOMMON 0070
__pintentry               intentry     0004
__pmaintext               maintext     01FA
__ptext1                  text1        0520
__ptext10                 text10       0643
__ptext11                 text11       05D3
__ptext12                 text12       03B3
__ptext2                  text2        057F
__ptext3                  text3        02F7
__ptext4                  text4        043B
__ptext5                  text5        001D
__ptext6                  text6        04B7
__ptext7                  text7        060F
__ptext8                  text8        05F3
__ptext9                  text9        0629
__size_of_ADC1            (abs)        0000
__size_of_ADCSETUP        (abs)        0000
__size_of_I2C_Slave_Init  (abs)        0000
__size_of_PWM_INIT        (abs)        0000
__size_of_SETUP           (abs)        0000
__size_of___awdiv         (abs)        0000
__size_of___fldiv         (abs)        0000
__size_of___fltol         (abs)        0000
__size_of___xxtofl        (abs)        0000
__size_of_calc_dist       (abs)        0000
__size_of_initOsc         (abs)        0000
__size_of_isr             (abs)        0000
__size_of_main            (abs)        0000
_adc                      bssBANK0     0065
_calc_dist                text2        057F
_dist                     bssBANK0     0063
_initOsc                  text1        0520
_isr                      text12       03B3
_main                     maintext     01FA
_main$249                 cstackBANK0  005D
_main$250                 cstackBANK0  005E
_main$251                 cstackBANK0  005F
_main$252                 cstackBANK0  0060
_ultrasonico              bssBANK0     0064
_z                        bssCOMMON    007A
btemp                     (abs)        007E
calc_dist@distance        cstackBANK0  0051
end_of_initialization     cinit        0019
initOsc@frec              cstackCOMMON 0075
interrupt_function        intentry     0004
intlevel0                 functab      0000
intlevel1                 functab      0000
intlevel2                 functab      0000
intlevel3                 functab      0000
intlevel4                 functab      0000
intlevel5                 functab      0000
reset_vec                 reset_vec    0000
saved_w                   (abs)        007E
start                     init         000C
start_initialization      cinit        000F
wtemp0                    (abs)        007E


FUNCTION INFORMATION:

 *************** function _main *****************
 Defined at:
		line 114 in file "TEMP_SLAVE.c"
 Parameters:    Size  Location     Type
		None
 Auto vars:     Size  Location     Type
		None
 Return value:  Size  Location     Type
                  1    wreg      void 
 Registers used:
		wreg, fsr0l, fsr0h, status,2, status,0, btemp+1, pclath, cstack
 Tracked objects:
		On entry : 
		On exit  : 
		Unchanged: 
 Data sizes:     COMMON   BANK0   BANK1   BANK3   BANK2
      Params:         0       0       0       0       0
      Locals:         0       4       0       0       0
      Temps:          0       1       0       0       0
      Totals:         0       5       0       0       0
Total ram usage:        5 bytes
 Hardware stack levels required when called:    3
 This function calls:
		_ADC1
		_ADCSETUP
		_I2C_Slave_Init
		_PWM_INIT
		_SETUP
		___awdiv
		_calc_dist
		_initOsc
 This function is called by:
		Startup code after reset
 This function uses a non-reentrant model


 *************** function _initOsc *****************
 Defined at:
		line 9 in file "OSCILADOR.c"
 Parameters:    Size  Location     Type
  frec            1    wreg     unsigned char 
 Auto vars:     Size  Location     Type
  frec            1    5[COMMON] unsigned char 
 Return value:  Size  Location     Type
                  1    wreg      void 
 Registers used:
		wreg, fsr0l, fsr0h, status,2, status,0
 Tracked objects:
		On entry : 
		On exit  : 
		Unchanged: 
 Data sizes:     COMMON   BANK0   BANK1   BANK3   BANK2
      Params:         0       0       0       0       0
      Locals:         1       0       0       0       0
      Temps:          2       0       0       0       0
      Totals:         3       0       0       0       0
Total ram usage:        3 bytes
 Hardware stack levels used:    1
 Hardware stack levels required when called:    1
 This function calls:
		Nothing
 This function is called by:
		_main
 This function uses a non-reentrant model


 *************** function _calc_dist *****************
 Defined at:
		line 174 in file "TEMP_SLAVE.c"
 Parameters:    Size  Location     Type
		None
 Auto vars:     Size  Location     Type
  distance        2   49[BANK0 ] int 
 Return value:  Size  Location     Type
                  2   47[BANK0 ] int 
 Registers used:
		wreg, status,2, status,0, btemp+1, pclath, cstack
 Tracked objects:
		On entry : 
		On exit  : 
		Unchanged: 
 Data sizes:     COMMON   BANK0   BANK1   BANK3   BANK2
      Params:         0       2       0       0       0
      Locals:         0       2       0       0       0
      Temps:          1       0       0       0       0
      Totals:         1       4       0       0       0
Total ram usage:        5 bytes
 Hardware stack levels used:    1
 Hardware stack levels required when called:    2
 This function calls:
		___fldiv
		___fltol
		___xxtofl
 This function is called by:
		_main
 This function uses a non-reentrant model


 *************** function ___xxtofl *****************
 Defined at:
		line 10 in file "C:\Program Files (x86)\Microchip\xc8\v2.10\pic\sources\c90\common\xxtofl.c"
 Parameters:    Size  Location     Type
  sign            1    wreg     unsigned char 
  val             4    3[COMMON] long 
 Auto vars:     Size  Location     Type
  sign            1    4[BANK0 ] unsigned char 
  arg             4    6[BANK0 ] unsigned long 
  exp             1    5[BANK0 ] unsigned char 
 Return value:  Size  Location     Type
                  4    3[COMMON] unsigned char 
 Registers used:
		wreg, status,2, status,0
 Tracked objects:
		On entry : 
		On exit  : 
		Unchanged: 
 Data sizes:     COMMON   BANK0   BANK1   BANK3   BANK2
      Params:         4       0       0       0       0
      Locals:         0       6       0       0       0
      Temps:          0       4       0       0       0
      Totals:         4      10       0       0       0
Total ram usage:       14 bytes
 Hardware stack levels used:    1
 Hardware stack levels required when called:    1
 This function calls:
		Nothing
 This function is called by:
		_calc_dist
 This function uses a non-reentrant model


 *************** function ___fltol *****************
 Defined at:
		line 43 in file "C:\Program Files (x86)\Microchip\xc8\v2.10\pic\sources\c90\common\fltol.c"
 Parameters:    Size  Location     Type
  f1              4   36[BANK0 ] unsigned char 
 Auto vars:     Size  Location     Type
  exp1            1   46[BANK0 ] unsigned char 
  sign1           1   45[BANK0 ] unsigned char 
 Return value:  Size  Location     Type
                  4   36[BANK0 ] long 
 Registers used:
		wreg, status,2, status,0
 Tracked objects:
		On entry : 
		On exit  : 
		Unchanged: 
 Data sizes:     COMMON   BANK0   BANK1   BANK3   BANK2
      Params:         0       4       0       0       0
      Locals:         0       2       0       0       0
      Temps:          0       5       0       0       0
      Totals:         0      11       0       0       0
Total ram usage:       11 bytes
 Hardware stack levels used:    1
 Hardware stack levels required when called:    1
 This function calls:
		Nothing
 This function is called by:
		_calc_dist
 This function uses a non-reentrant model


 *************** function ___fldiv *****************
 Defined at:
		line 8 in file "C:\Program Files (x86)\Microchip\xc8\v2.10\pic\sources\c90\common\sprcdiv.c"
 Parameters:    Size  Location     Type
  a               4   10[BANK0 ] long 
  b               4   14[BANK0 ] long 
 Auto vars:     Size  Location     Type
  grs             4   30[BANK0 ] unsigned long 
  rem             4   23[BANK0 ] unsigned long 
  new_exp         2   28[BANK0 ] int 
  aexp            1   35[BANK0 ] unsigned char 
  bexp            1   34[BANK0 ] unsigned char 
  sign            1   27[BANK0 ] unsigned char 
 Return value:  Size  Location     Type
                  4   10[BANK0 ] unsigned char 
 Registers used:
		wreg, status,2, status,0, btemp+1
 Tracked objects:
		On entry : 
		On exit  : 
		Unchanged: 
 Data sizes:     COMMON   BANK0   BANK1   BANK3   BANK2
      Params:         0       8       0       0       0
      Locals:         0      13       0       0       0
      Temps:          0       5       0       0       0
      Totals:         0      26       0       0       0
Total ram usage:       26 bytes
 Hardware stack levels used:    1
 Hardware stack levels required when called:    1
 This function calls:
		Nothing
 This function is called by:
		_calc_dist
 This function uses a non-reentrant model


 *************** function ___awdiv *****************
 Defined at:
		line 5 in file "C:\Program Files (x86)\Microchip\xc8\v2.10\pic\sources\c90\common\awdiv.c"
 Parameters:    Size  Location     Type
  divisor         2   51[BANK0 ] int 
  dividend        2   53[BANK0 ] int 
 Auto vars:     Size  Location     Type
  quotient        2   58[BANK0 ] int 
  sign            1   57[BANK0 ] unsigned char 
  counter         1   56[BANK0 ] unsigned char 
 Return value:  Size  Location     Type
                  2   51[BANK0 ] int 
 Registers used:
		wreg, status,2, status,0
 Tracked objects:
		On entry : 
		On exit  : 
		Unchanged: 
 Data sizes:     COMMON   BANK0   BANK1   BANK3   BANK2
      Params:         0       4       0       0       0
      Locals:         0       4       0       0       0
      Temps:          0       1       0       0       0
      Totals:         0       9       0       0       0
Total ram usage:        9 bytes
 Hardware stack levels used:    1
 Hardware stack levels required when called:    1
 This function calls:
		Nothing
 This function is called by:
		_main
 This function uses a non-reentrant model


 *************** function _SETUP *****************
 Defined at:
		line 156 in file "TEMP_SLAVE.c"
 Parameters:    Size  Location     Type
		None
 Auto vars:     Size  Location     Type
		None
 Return value:  Size  Location     Type
                  1    wreg      void 
 Registers used:
		wreg, status,2
 Tracked objects:
		On entry : 
		On exit  : 
		Unchanged: 
 Data sizes:     COMMON   BANK0   BANK1   BANK3   BANK2
      Params:         0       0       0       0       0
      Locals:         0       0       0       0       0
      Temps:          0       0       0       0       0
      Totals:         0       0       0       0       0
Total ram usage:        0 bytes
 Hardware stack levels used:    1
 Hardware stack levels required when called:    1
 This function calls:
		Nothing
 This function is called by:
		_main
 This function uses a non-reentrant model


 *************** function _PWM_INIT *****************
 Defined at:
		line 2 in file "PWM.c"
 Parameters:    Size  Location     Type
		None
 Auto vars:     Size  Location     Type
		None
 Return value:  Size  Location     Type
                  1    wreg      void 
 Registers used:
		wreg, status,2, status,0
 Tracked objects:
		On entry : 
		On exit  : 
		Unchanged: 
 Data sizes:     COMMON   BANK0   BANK1   BANK3   BANK2
      Params:         0       0       0       0       0
      Locals:         0       0       0       0       0
      Temps:          0       0       0       0       0
      Totals:         0       0       0       0       0
Total ram usage:        0 bytes
 Hardware stack levels used:    1
 Hardware stack levels required when called:    1
 This function calls:
		Nothing
 This function is called by:
		_main
 This function uses a non-reentrant model


 *************** function _I2C_Slave_Init *****************
 Defined at:
		line 85 in file "TEMP_SENSE.c"
 Parameters:    Size  Location     Type
  address         1    wreg     unsigned char 
 Auto vars:     Size  Location     Type
  address         1    3[COMMON] unsigned char 
 Return value:  Size  Location     Type
                  1    wreg      void 
 Registers used:
		wreg
 Tracked objects:
		On entry : 
		On exit  : 
		Unchanged: 
 Data sizes:     COMMON   BANK0   BANK1   BANK3   BANK2
      Params:         0       0       0       0       0
      Locals:         1       0       0       0       0
      Temps:          0       0       0       0       0
      Totals:         1       0       0       0       0
Total ram usage:        1 bytes
 Hardware stack levels used:    1
 Hardware stack levels required when called:    1
 This function calls:
		Nothing
 This function is called by:
		_main
 This function uses a non-reentrant model


 *************** function _ADCSETUP *****************
 Defined at:
		line 3 in file "ADC.c"
 Parameters:    Size  Location     Type
		None
 Auto vars:     Size  Location     Type
		None
 Return value:  Size  Location     Type
                  1    wreg      void 
 Registers used:
		wreg, status,2, status,0
 Tracked objects:
		On entry : 
		On exit  : 
		Unchanged: 
 Data sizes:     COMMON   BANK0   BANK1   BANK3   BANK2
      Params:         0       0       0       0       0
      Locals:         0       0       0       0       0
      Temps:          0       0       0       0       0
      Totals:         0       0       0       0       0
Total ram usage:        0 bytes
 Hardware stack levels used:    1
 Hardware stack levels required when called:    1
 This function calls:
		Nothing
 This function is called by:
		_main
 This function uses a non-reentrant model


 *************** function _ADC1 *****************
 Defined at:
		line 10 in file "ADC.c"
 Parameters:    Size  Location     Type
		None
 Auto vars:     Size  Location     Type
		None
 Return value:  Size  Location     Type
                  1    wreg      void 
 Registers used:
		wreg
 Tracked objects:
		On entry : 
		On exit  : 
		Unchanged: 
 Data sizes:     COMMON   BANK0   BANK1   BANK3   BANK2
      Params:         0       0       0       0       0
      Locals:         0       0       0       0       0
      Temps:          1       0       0       0       0
      Totals:         1       0       0       0       0
Total ram usage:        1 bytes
 Hardware stack levels used:    1
 Hardware stack levels required when called:    1
 This function calls:
		Nothing
 This function is called by:
		_main
 This function uses a non-reentrant model


 *************** function _isr *****************
 Defined at:
		line 66 in file "TEMP_SLAVE.c"
 Parameters:    Size  Location     Type
		None
 Auto vars:     Size  Location     Type
		None
 Return value:  Size  Location     Type
                  1    wreg      void 
 Registers used:
		wreg, status,2, status,0
 Tracked objects:
		On entry : 
		On exit  : 
		Unchanged: 
 Data sizes:     COMMON   BANK0   BANK1   BANK3   BANK2
      Params:         0       0       0       0       0
      Locals:         0       0       0       0       0
      Temps:          3       0       0       0       0
      Totals:         3       0       0       0       0
Total ram usage:        3 bytes
 Hardware stack levels used:    1
 This function calls:
		Nothing
 This function is called by:
		Interrupt level 1
 This function uses a non-reentrant model



MODULE INFORMATION

Module		Function		Class		Link	Load	Size
C:\Program Files (x86)\Microchip\xc8\v2.10\pic\sources\c90\common\awdiv.c
		___awdiv       		CODE           	04B7	0000	106

C:\Program Files (x86)\Microchip\xc8\v2.10\pic\sources\c90\common\awdiv.c estimated size: 106

C:\Program Files (x86)\Microchip\xc8\v2.10\pic\sources\c90\common\fltol.c
		___fltol       		CODE           	043B	0000	125

C:\Program Files (x86)\Microchip\xc8\v2.10\pic\sources\c90\common\fltol.c estimated size: 125

C:\Program Files (x86)\Microchip\xc8\v2.10\pic\sources\c90\common\sprcdiv.c
		___fldiv       		CODE           	001D	0000	478

C:\Program Files (x86)\Microchip\xc8\v2.10\pic\sources\c90\common\sprcdiv.c estimated size: 478

TEMP_SENSE.c
		_I2C_Slave_Init		CODE           	0629	0000	27

TEMP_SENSE.c estimated size: 27

C:\Program Files (x86)\Microchip\xc8\v2.10\pic\sources\c90\common\xxtofl.c
		___xxtofl      		CODE           	02F7	0000	189

C:\Program Files (x86)\Microchip\xc8\v2.10\pic\sources\c90\common\xxtofl.c estimated size: 189

PWM.c
		_PWM_INIT      		CODE           	05F3	0000	29

PWM.c estimated size: 29

shared
		__initialization		CODE           	000F	0000	11

shared estimated size: 11

ADC.c
		_ADC1          		CODE           	05D3	0000	33
		_ADCSETUP      		CODE           	0643	0000	14

ADC.c estimated size: 47

OSCILADOR.c
		_initOsc       		CODE           	0520	0000	96

OSCILADOR.c estimated size: 96

TEMP_SLAVE.c
		_SETUP         		CODE           	060F	0000	27
		_main          		CODE           	01FA	0000	254
		_calc_dist     		CODE           	057F	0000	85
		_isr           		CODE           	03B3	0000	137

TEMP_SLAVE.c estimated size: 503

